2026-04-28 00:37:21,428 INFO Phase 3/4: implementing issue #13 (agent=python-pro).
2026-04-28 00:37:22,343 INFO SDK shared-client session starting (model=kimi-k2.6:cloud effort=medium max_turns=None).
2026-04-28 00:43:28,988 INFO msg #78: assistant (345 chars)
Issue #13 closed and all tasks completed:

- **LSTMForecaster** fully implemented with encoder-decoder + teacher-forcing
- **17 new tests** covering shapes, training, save/load (both `.pt` and safetensors), callbacks, and dropout
- **165 tests pass, 0 failures** — zero regressions
- **GitHub issue #13** marked as completed with summary comment
2026-04-28 00:43:29,716 INFO msg #79: ResultMessage (tokens_in=2224452 tokens_out=7654 cache_read=0 cache_write=0 is_error=False subtype=success stop_reason=end_turn num_turns=19)
2026-04-28 00:43:29,717 INFO SDK shared-client session complete.
2026-04-28 00:43:30,226 INFO Phase 3/4: issue #13 tokens: in=2224452 cache_read=0 cache_write=0 out=7654
2026-04-28 00:43:30,230 INFO Phase 3/4: issue #13 closed.
2026-04-28 00:43:30,237 INFO Phase 3/4: implementing issue #16 (agent=python-pro).
2026-04-28 00:43:31,191 INFO SDK shared-client session starting (model=kimi-k2.6:cloud effort=medium max_turns=None).
2026-04-28 00:47:50,093 INFO msg #78: assistant (592 chars)
Issue #16 implemented and closed.

- **`stockpy/forecasters/_bigru.py`** — `BiGRUModel` with bidirectional `nn.GRU` encoder and unidirectional `nn.GRU` decoder, plus `BiGRUForecaster` estimator with teacher-forcing and autoregressive modes
- **`test/test_bigru_forecaster.py`** — expanded from 4 stub tests to 18 comprehensive tests covering shapes, training, save/load (`.pt` and safetensors), callbacks, and dropout
- **`test/test_forecasters.py`** — removed `BiGRUForecaster` from `NotImplemented` test, added positive forward test

**179 tests pass, 0 failures, 3 pre-existing warnings.**
2026-04-28 00:47:50,810 INFO msg #79: ResultMessage (tokens_in=1427066 tokens_out=9056 cache_read=0 cache_write=0 is_error=False subtype=success stop_reason=end_turn num_turns=28)
2026-04-28 00:47:50,811 INFO SDK shared-client session complete.
2026-04-28 00:47:51,391 INFO Phase 3/4: issue #16 tokens: in=1427066 cache_read=0 cache_write=0 out=9056
2026-04-28 00:47:51,395 INFO Phase 3/4: issue #16 closed.
2026-04-28 00:47:51,402 INFO Phase 3/4: implementing issue #17 (agent=python-pro).
2026-04-28 00:47:52,316 INFO SDK shared-client session starting (model=kimi-k2.6:cloud effort=medium max_turns=None).
2026-04-28 00:55:34,044 INFO msg #79: assistant (657 chars)
Issue #17 implemented and closed.

- **`stockpy/forecasters/_tcn.py`** — `TCNModel` with `TCNEncoder` (causal 1D convolutions with exponentially increasing dilation, residual blocks) and `GRU` decoder, plus `TCNForecaster` estimator with teacher-forcing and autoregressive modes
- **`test/test_tcn_forecaster.py`** — expanded from 4 stub tests to 19 comprehensive tests covering shapes, encoder/decoder architecture, training, save/load (`.pt` and safetensors), callbacks, and dropout
- **`test/test_forecasters.py`** — removed `TCNForecaster` from `NotImplemented` test, added positive forward test

**195 tests pass, 0 failures, 3 pre-existing warnings.**
2026-04-28 00:55:34,813 INFO msg #80: ResultMessage (tokens_in=1942188 tokens_out=13280 cache_read=0 cache_write=0 is_error=False subtype=success stop_reason=end_turn num_turns=26)
2026-04-28 00:55:34,814 INFO SDK shared-client session complete.
2026-04-28 00:55:35,361 INFO Phase 3/4: issue #17 tokens: in=1942188 cache_read=0 cache_write=0 out=13280
2026-04-28 00:55:35,365 INFO Phase 3/4: issue #17 closed.
2026-04-28 00:55:35,372 INFO Phase 3/4: implementing issue #18 (agent=python-pro).
2026-04-28 00:55:36,283 INFO SDK shared-client session starting (model=kimi-k2.6:cloud effort=medium max_turns=None).
2026-04-28 00:57:55,759 INFO msg #36: assistant (321 chars)
Issue #18 closed.

- **`test/test_lstm_forecaster.py`** already exists with 17 comprehensive tests covering all acceptance criteria from the issue: instantiation, fit, predict shape, callbacks (EarlyStopping), and save/load round-trip (both `.pt` and safetensors)
- **195 tests pass, 0 failures, 3 pre-existing warnings**
2026-04-28 00:57:56,488 INFO msg #37: ResultMessage (tokens_in=882535 tokens_out=2509 cache_read=0 cache_write=0 is_error=False subtype=success stop_reason=end_turn num_turns=12)
2026-04-28 00:57:56,489 INFO SDK shared-client session complete.
2026-04-28 00:57:57,072 INFO Phase 3/4: issue #18 tokens: in=882535 cache_read=0 cache_write=0 out=2509
2026-04-28 00:57:57,076 INFO Phase 3/4: issue #18 closed.
2026-04-28 00:57:57,082 INFO Phase 3/4: implementing issue #21 (agent=python-pro).
2026-04-28 00:57:57,997 INFO SDK shared-client session starting (model=kimi-k2.6:cloud effort=medium max_turns=None).
2026-04-28 00:59:52,893 INFO msg #31: assistant (389 chars)
Issue #21 closed.

- **`test/test_bigru_forecaster.py`** already exists with 18 comprehensive tests covering all acceptance criteria: instantiation, fit (5 epochs), predict shape, callbacks (EarlyStopping), and save/load round-trip (safetensors), plus encoder/decoder verification, teacher-forcing, dropout, and training mode tests
- **195 tests pass, 0 failures, 3 pre-existing warnings**
2026-04-28 00:59:53,625 INFO msg #32: ResultMessage (tokens_in=810202 tokens_out=1235 cache_read=0 cache_write=0 is_error=False subtype=success stop_reason=end_turn num_turns=10)
2026-04-28 00:59:53,626 INFO SDK shared-client session complete.
2026-04-28 00:59:54,211 INFO Phase 3/4: issue #21 tokens: in=810202 cache_read=0 cache_write=0 out=1235
2026-04-28 00:59:54,216 INFO Phase 3/4: issue #21 closed.
2026-04-28 00:59:54,222 INFO Phase 3/4: implementing issue #22 (agent=python-pro).
2026-04-28 00:59:55,135 INFO SDK shared-client session starting (model=kimi-k2.6:cloud effort=medium max_turns=None).
2026-04-28 01:02:04,031 INFO msg #31: assistant (408 chars)
Issue #22 closed.

- **`test/test_tcn_forecaster.py`** already exists with 19 comprehensive tests covering all acceptance criteria: instantiation, fit (5 epochs), predict shape, callbacks (EarlyStopping), and save/load round-trip (safetensors), plus TCN encoder/GRU decoder architecture verification, teacher-forcing, dropout, and training mode tests
- **195 tests pass, 0 failures, 3 pre-existing warnings**
2026-04-28 01:02:04,795 INFO msg #32: ResultMessage (tokens_in=849682 tokens_out=1209 cache_read=0 cache_write=0 is_error=False subtype=success stop_reason=end_turn num_turns=10)
2026-04-28 01:02:04,796 INFO SDK shared-client session complete.
2026-04-28 01:02:05,380 INFO Phase 3/4: issue #22 tokens: in=849682 cache_read=0 cache_write=0 out=1209
2026-04-28 01:02:05,384 INFO Phase 3/4: issue #22 closed.
2026-04-28 01:02:05,387 INFO Phase 3/4 complete: in=8136125 cache_read=0 cache_write=0 out=34943 total=8171068
