2026-04-27 12:11:49,338 INFO Created milestone 'Cycle 1 — Foundation & Core Infrastructure' → #1
2026-04-27 12:11:49,838 INFO SDK session starting (model=kimi-k2.6:cloud effort=xhigh max_turns=None).
2026-04-27 12:12:00,081 INFO msg #21: assistant (125 chars)
I'll start by reading the agent inventory and understanding the project structure, then create the GitHub issues for Cycle 1.
2026-04-27 12:20:33,114 INFO msg #93: assistant (1675 chars)
All 10 issues for **Cycle 1 — Foundation & Core Infrastructure** have been created. Here is the summary:

| Issue | Title | Agent |
|-------|-------|-------|
| **#3** | chore: delete classifier classes and ClassifierMixin usage | `python-pro` |
| **#4** | chore: delete flat-regression and deprecated probabilistic models | `python-pro` |
| **#5** | chore: migrate packaging from setup.py to pyproject.toml | `python-pro` |
| **#6** | feat: implement EncoderDecoderForecaster base class | `python-pro` |
| **#8** | feat: reorganize package into stockpy/forecasters/ with stub files | `python-pro` |
| **#7** | feat: implement TimeSeriesDataset with context_len and pred_len windows | `python-pro` |
| **#9** | feat: add preprocessing transforms (normalization and differencing) | `python-pro` |
| **#10** | test: create conftest.py with synthetic multivariate sine-wave fixtures | `python-pro` |
| **#11** | test: create test_dataset.py for TimeSeriesDataset | `python-pro` |
| **#12** | test: create test_callbacks.py for callback system | `python-pro` |

**Dependency chain:**
- Foundation deletions (#3, #4) and packaging (#5) are independent and can start in parallel.
- Base class (#6) depends on #3; package reorganization (#8) depends on #6.
- TimeSeriesDataset (#7) depends on #4; transforms (#9) depend on #7.
- Test scaffolding (#10) depends on #6, #8, and #7.
- test_dataset (#11) depends on #7 and #10; test_callbacks (#12) depends on #6 and #10.

All issues are assigned to `@me`, labeled with `phase:implement`, `priority:high`/`medium`, `area:api`/`infra`/`tests`, and `agent:python-pro`, and linked to milestone **Cycle 1 — Foundation & Core Infrastructure**.
2026-04-27 12:20:33,760 INFO msg #94: ResultMessage (tokens_in=1189197 tokens_out=11762 cache_read=0 cache_write=0 is_error=False subtype=success stop_reason=end_turn num_turns=26)
2026-04-27 12:20:34,179 INFO SDK session complete.
2026-04-27 12:20:34,962 INFO Phase 1 complete: in=1189197 cache_read=0 cache_write=0 out=11762 total=1200959
2026-04-27 12:20:34,963 INFO Phase 1: 10 issues created.
