2026-04-27 22:56:30,738 INFO Phase 3/4: implementing issue #14 (agent=python-pro).
2026-04-27 22:56:30,740 INFO Phase: issue #14 comments cached — reusing.
2026-04-27 22:56:30,742 INFO SDK shared-client session starting (model=kimi-k2.6:cloud effort=medium max_turns=None).
2026-04-28 00:02:42,876 INFO msg #716: assistant (1292 chars)
Issue #14 is closed. Here's what was implemented:

**`GRUForecaster` in `stockpy/forecasters/_gru.py`**
- `GRUModel` nn.Module with separate `encoder` and `decoder` GRU layers, plus an output projection MLP
- Teacher-forcing during training: decoder receives ground-truth `y` shifted by one timestep
- Autoregressive prediction during inference
- Output shape: `(batch, pred_len, n_features)`

**Key overrides on `GRUForecaster`:**
- `initialize_module()` — creates `GRUModel` and `criterion_`
- `_set_training()` — calls `self.module_.train()` instead of broken `self.train()`
- `train_step_single()` — passes `y=yi` to `infer()` to enable teacher-forcing
- `forward(x, y=None)` — delegates to the composed `GRUModel`
- `state_dict()` / `load_state_dict()` — delegates to `module_`
- `__sklearn_tags__()` — compatibility with sklearn 1.8

**Tests in `test/test_gru_forecaster.py` (14 tests, all passing):**
- Forward shape, teacher-forcing shape, prediction shape, fit on synthetic data, save/load roundtrip, training mode, dropout behavior

**Base-class bugs fixed:**
- `check_is_fitted` called `_modules.keys()` when `_modules` is a list (`base.py:2443`)
- `load_params` was missing the loop that actually loads state dicts into the model (`base.py:3263`)

All 132 tests in the suite pass.
2026-04-28 00:02:43,540 INFO msg #717: ResultMessage (tokens_in=23808769 tokens_out=74054 cache_read=0 cache_write=0 is_error=False subtype=success stop_reason=end_turn num_turns=233)
2026-04-28 00:02:43,541 INFO SDK shared-client session complete.
2026-04-28 00:02:44,122 INFO Phase 3/4: issue #14 tokens: in=23808769 cache_read=0 cache_write=0 out=74054
2026-04-28 00:02:44,126 INFO Phase 3/4: issue #14 closed.
2026-04-28 00:02:44,133 INFO Phase 3/4: implementing issue #15 (agent=python-pro).
2026-04-28 00:02:44,134 INFO Phase: issue #15 comments cached — reusing.
2026-04-28 00:02:44,136 INFO SDK shared-client session starting (model=kimi-k2.6:cloud effort=medium max_turns=None).
2026-04-28 00:11:14,370 INFO msg #85: assistant (1546 chars)
Issue #15 is closed. Here's what was implemented:

**`BiLSTMForecaster` in `stockpy/forecasters/_bilstm.py`**
- `BiLSTMModel` nn.Module with:
  - `encoder`: `nn.LSTM(..., bidirectional=True)` — processes the context window
  - `decoder`: `nn.LSTM(..., bidirectional=False, hidden_size=2*rnn_size)` — accepts the concatenated bidirectional encoder output
  - `_init_decoder_state()` — reshapes encoder hidden/cell states `(num_layers*2, batch, rnn_size)` into decoder states `(num_layers, batch, 2*rnn_size)` by concatenating forward and backward vectors per layer
  - `output_proj` — projection MLP mapping decoder outputs to predictions
- Teacher-forcing during training (decoder receives ground-truth `y` shifted by one timestep)
- Autoregressive prediction during inference
- Output shape: `(batch, pred_len, n_features)`

**Key overrides on `BiLSTMForecaster`** (same pattern as `GRUForecaster`):
- `initialize_module()`, `_set_training()`, `forward(x, y=None)`, `train_step_single()`, `state_dict()` / `load_state_dict()`, `__sklearn_tags__()`

**Tests in `test/test_bilstm_forecaster.py` (15 tests, all passing):**
- Forward shape, teacher-forcing shape, bidirectional encoder / unidirectional decoder verification, decoder hidden size matching, prediction shape, fit on synthetic data, save/load roundtrip, training mode, dropout behavior

**Updated `test/test_forecasters.py`**
- Removed `BiLSTMForecaster` from `NotImplementedError` stub test
- Added `test_bilstm_forward_does_not_raise_not_implemented`

All 147 tests in the suite pass.
2026-04-28 00:11:14,828 INFO msg #86: ResultMessage (tokens_in=3419045 tokens_out=9473 cache_read=0 cache_write=0 is_error=False subtype=success stop_reason=end_turn num_turns=25)
2026-04-28 00:11:14,829 INFO SDK shared-client session complete.
2026-04-28 00:11:15,410 INFO Phase 3/4: issue #15 tokens: in=3419045 cache_read=0 cache_write=0 out=9473
2026-04-28 00:11:15,412 INFO Phase 3/4: issue #15 closed.
2026-04-28 00:11:15,424 INFO Phase 3/4: implementing issue #19 (agent=python-pro).
2026-04-28 00:11:15,425 INFO Phase: issue #19 comments cached — reusing.
2026-04-28 00:11:15,425 INFO SDK shared-client session starting (model=kimi-k2.6:cloud effort=medium max_turns=None).
2026-04-28 00:24:49,359 INFO msg #211: assistant (1085 chars)
Issue #19 is closed. All acceptance criteria met.

**What changed in `test/test_gru_forecaster.py`:**

- `test_fit_5_epochs` — verifies the model trains for exactly 5 epochs on synthetic sine-wave data without errors
- `test_callbacks_early_stopping` — verifies `EarlyStopping` triggers during training by using an impossibly large absolute threshold (`threshold=1000`, `patience=1`) so the callback fires after the second epoch
- `test_save_load_roundtrip_safetensors` — verifies save/load with `use_safetensors=True` produces identical predictions

**Test results:** 150 passed, 0 failed (17 in `test_gru_forecaster.py`)

**Two pre-existing base-class bugs discovered:**
1. `fit()` unconditionally sets `self.callbacks = callbacks`, which wipes user callbacks passed to `__init__` when `fit()` is called without an explicit `callbacks=` argument. Workaround: pass callbacks directly to `fit()`.
2. `load_params(..., use_safetensors=True)` passes `self.device` (`torch.device('cpu')`) to `safe_open`, which rejects it. Workaround: temporarily set `model.device = None` before loading.
2026-04-28 00:24:50,041 INFO msg #212: ResultMessage (tokens_in=5010396 tokens_out=16196 cache_read=0 cache_write=0 is_error=False subtype=success stop_reason=end_turn num_turns=63)
2026-04-28 00:24:50,042 INFO SDK shared-client session complete.
2026-04-28 00:24:50,624 INFO Phase 3/4: issue #19 tokens: in=5010396 cache_read=0 cache_write=0 out=16196
2026-04-28 00:24:50,628 INFO Phase 3/4: issue #19 closed.
2026-04-28 00:24:50,635 INFO Phase 3/4: implementing issue #23 (agent=python-pro).
2026-04-28 00:24:50,637 INFO Phase: issue #23 comments cached — reusing.
2026-04-28 00:24:50,638 INFO SDK shared-client session starting (model=kimi-k2.6:cloud effort=medium max_turns=None).
2026-04-28 00:30:24,574 INFO msg #91: assistant (912 chars)
Issue #23 is closed. All acceptance criteria satisfied.

**What changed:**

- `stockpy/forecasters/__init__.py` — updated `__all__` to only export the 5 Cycle 2 deterministic forecasters (`LSTMForecaster`, `GRUForecaster`, `BiLSTMForecaster`, `BiGRUForecaster`, `TCNForecaster`), removing `TransformerForecaster` and `DMMForecaster` from the public API surface
- `test/test_forecasters.py` — removed all `TransformerForecaster` and `DMMForecaster` references from parametrized tests; renamed `test_stockpy_exports_all_stubs` to `test_stockpy_exports_all_cycle2_forecasters`
- `test/test_lstm_forecaster.py` — new stub-level test file with 4 tests
- `test/test_bigru_forecaster.py` — new stub-level test file with 4 tests
- `test/test_tcn_forecaster.py` — new stub-level test file with 4 tests

**Test results:** 152 passed, 0 failed. The full suite runs cleanly including all five forecaster test files together.
2026-04-28 00:30:25,218 INFO msg #92: ResultMessage (tokens_in=2647128 tokens_out=8664 cache_read=0 cache_write=0 is_error=False subtype=success stop_reason=end_turn num_turns=31)
2026-04-28 00:30:25,219 INFO SDK shared-client session complete.
2026-04-28 00:30:25,777 INFO Phase 3/4: issue #23 tokens: in=2647128 cache_read=0 cache_write=0 out=8664
2026-04-28 00:30:25,781 INFO Phase 3/4: issue #23 closed.
2026-04-28 00:30:25,785 INFO Phase 3/4 complete: in=34885338 cache_read=0 cache_write=0 out=108387 total=34993725
