2026-04-27 22:44:47,755 INFO Phase 2: reviewing 4 open unreviewed issues in a single batched call.
2026-04-27 22:44:47,756 INFO SDK shared-client session starting (model=kimi-k2.6:cloud effort=xhigh max_turns=None).
2026-04-27 22:56:27,341 INFO msg #131: assistant (1570 chars)
```json
{
  "decisions": [
    {
      "issue_number": 14,
      "action": "comment",
      "comment_body": "The acceptance criterion 'Teacher-forcing is used during training' cannot be met with the current `EncoderDecoderForecaster` base class. In `base.py:1747`, `train_step_single` calls `self.infer(Xi, **fit_params)` but never passes the unpacked target `yi` to `infer()`. Although `infer()` accepts `y` and forwards it to `forward()`, the training loop currently omits it, so `forward()` never receives ground-truth targets during training. Please clarify the intended approach: either (a) modify `train_step_single` in the base class to pass `y=yi`, or (b) override `train_step_single` in each forecaster. Without one of these, the teacher-forcing acceptance criterion is unachievable."
    },
    {
      "issue_number": 15,
      "action": "ok",
      "comment_body": ""
    },
    {
      "issue_number": 19,
      "action": "ok",
      "comment_body": ""
    },
    {
      "issue_number": 23,
      "action": "comment",
      "comment_body": "The acceptance criteria verify that the five Cycle 2 forecasters are importable, but they do not clarify whether cleaning up deprecated imports from `stockpy/__init__.py` is in scope. The current `__init__.py` still does `from .neural_network import *` and `from .probabilistic import *`, which expose old `*Regressor` classes that Cycle 1 was supposed to delete. Please add an explicit criterion: either (a) remove these old imports as part of this issue, or (b) defer cleanup to a separate issue."
    }
  ]
}
```
2026-04-27 22:56:28,296 INFO msg #132: ResultMessage (tokens_in=1724373 tokens_out=20513 cache_read=0 cache_write=0 is_error=False subtype=success stop_reason=end_turn num_turns=45)
2026-04-27 22:56:28,298 INFO SDK shared-client session complete.
2026-04-27 22:56:29,391 INFO Phase 2: posted comment on #14 (action=comment).
2026-04-27 22:56:30,723 INFO Phase 2: posted comment on #23 (action=comment).
2026-04-27 22:56:30,725 INFO Phase 2 complete: in=1724373 cache_read=0 cache_write=0 out=20513 total=1744886
