2026-04-28 03:57:38,755 INFO Phase: issue #29 comments cached — reusing.
2026-04-28 03:57:38,757 INFO Phase: issue #28 comments cached — reusing.
2026-04-28 03:57:38,758 INFO Phase: issue #27 comments cached — reusing.
2026-04-28 03:57:38,760 INFO Phase: issue #26 comments cached — reusing.
2026-04-28 03:57:38,761 INFO Phase: issue #25 comments cached — reusing.
2026-04-28 03:57:38,769 INFO SDK shared-client session starting (model=kimi-k2.6:cloud effort=xhigh max_turns=None).
2026-04-28 04:01:14,584 INFO msg #71: assistant (1769 chars)
```
=== FINAL REVIEW Cycle 3 — Advanced Forecasters & QA Polish ===
Issues closed in review: 1
  - #26: test: add comprehensive tests for DMMForecaster

Issues still open: 4 (cycle scope)
  - #25: feat: implement TransformerForecaster with positional encoding and cross-attention
  - #27: test: add comprehensive tests for TransformerForecaster
  - #28: chore: add full type annotations to all public APIs in forecasters and base
  - #29: chore: update GitHub Actions CI for pytest coverage on Python 3.10–3.12

New fix issues created: 0
Minor problems fixed inline: 0

SOLID adherence: PARTIAL
  - Single Responsibility: OK (each forecaster file owns one model)
  - Open/Closed: PARTIAL — extensible via subclassing, but TransformerForecaster is a stub
  - Liskov Substitution: OK (all forecasters properly subclass EncoderDecoderForecaster)
  - Interface Segregation: OK (no god interfaces detected)
  - Dependency Inversion: PARTIAL — base class still depends on sklearn BaseEstimator

Code smells found: PARTIAL
  - TransformerForecaster stub with NotImplementedError (speculative abstraction / dead code)
  - Missing type annotations across all forecaster files
  - Outdated CI workflow (old action versions, Python 3.9, no lint checks)

Linter (ruff): PASS
Type check (mypy): NOT CONFIGURED
Test suite: PASS (223 passed, 0 failed)
Diff review: SKIPPED (no base commit provided in volatile context)

VERDICT: NEEDS REWORK
```

**Reason:** Four cycle-scope issues remain open. The most critical blocker is **#25** (TransformerForecaster implementation is still a stub with `NotImplementedError`). Until #25 is resolved, #27 (tests) cannot proceed. #28 (type annotations) and #29 (CI update) are independent infra tasks that should be picked up in a follow-up cycle.
2026-04-28 04:01:15,255 INFO msg #72: ResultMessage (tokens_in=1087813 tokens_out=4539 cache_read=0 cache_write=0 is_error=False subtype=success stop_reason=end_turn num_turns=26)
2026-04-28 04:01:15,256 INFO SDK shared-client session complete.
2026-04-28 04:01:15,257 INFO Phase 5 complete: in=1087813 cache_read=0 cache_write=0 out=4539 total=1092352
