2026-04-27 18:46:58,091 INFO Phase: issue #12 comments cached — reusing.
2026-04-27 18:46:58,106 INFO SDK shared-client session starting (model=kimi-k2.6:cloud effort=xhigh max_turns=None).
2026-04-27 18:53:54,533 INFO msg #97: assistant (1442 chars)
```
=== FINAL REVIEW Cycle 1 — Foundation & Core Infrastructure ===

Issues closed in review: 1 (#12 callback tests — verified implemented and passing)
Issues still open: 1 (#2 "unable to fit" — pre-existing sklearn cross-validation bug, out of scope for this cycle)
New fix issues created: 0
Minor problems fixed inline: 4
  - test/conftest.py: split long save_params signature across lines
  - test/test_callbacks.py: removed unused Callback import
  - test/test_callbacks.py: removed unused initial_state variable
  - test/test_conftest.py + test/test_forecasters.py: wrapped long lines

SOLID adherence: OK
  - Single Responsibility: each test class covers one callback type; MockForecaster is minimal
  - Open/Closed: callbacks tested via interface, not concrete model
  - Liskov Substitution: MockForecaster extends EncoderDecoderForecaster without breaking contracts
  - Interface Segregation: MockForecaster implements only what's needed for callbacks
  - Dependency Inversion: callbacks depend on net.history/net.verbose abstractions

Code smells found: OK (none introduced by cycle)
Linter (ruff): PASS on test/; 1797 pre-existing issues in stockpy/ (not from this cycle)
Type check (mypy/pyright): SKIPPED (not configured)
Test suite: PASS — 118 passed, 3 warnings (pre-existing PyTorch scheduler warnings)
Diff review: SKIPPED (no base commit for this cycle; diff is mixed with pre-existing history)

VERDICT: READY FOR COMMIT
```
2026-04-27 18:53:55,131 INFO msg #98: ResultMessage (tokens_in=2014210 tokens_out=4627 cache_read=0 cache_write=0 is_error=False subtype=success stop_reason=end_turn num_turns=35)
2026-04-27 18:53:55,132 INFO SDK shared-client session complete.
2026-04-27 18:53:55,133 INFO Phase 5 complete: in=2014210 cache_read=0 cache_write=0 out=4627 total=2018837
